<html>
<body>
<pre>
<h1>礦ision Build Log</h1>
<h2>Tool Versions:</h2>
IDE-Version: μVision V5.24.2.0
Copyright (C) 2017 ARM Ltd and ARM Germany GmbH. All rights reserved.
License Information: QQ JTL, QQ, LIC=585FJ-ULAFK-JJN6S-LCJG7-AFN8K-C2IBS
 
Tool Versions:
Toolchain:       MDK-ARM Plus  Version: 5.24.1
Toolchain Path:  D:\Keil_v5\ARM\ARMCC\Bin
C Compiler:      Armcc.exe V5.06 update 5 (build 528)
Assembler:       Armasm.exe V5.06 update 5 (build 528)
Linker/Locator:  ArmLink.exe V5.06 update 5 (build 528)
Library Manager: ArmAr.exe V5.06 update 5 (build 528)
Hex Converter:   FromElf.exe V5.06 update 5 (build 528)
CPU DLL:         SARMCM3.DLL V5.24.1
Dialog DLL:      DCM.DLL V1.16.0.0
Target DLL:      STLink\ST-LINKIII-KEIL_SWO.dll V3.0.1.0
Dialog DLL:      TCM.DLL V1.32.0.0
 
<h2>Project:</h2>
C:\Users\JTL\Desktop\version\version2_0_1\practice - 副本\practice1.uvprojx
Project File Date:  05/13/2025

<h2>Output:</h2>
*** Using Compiler 'V5.06 update 5 (build 528)', folder: 'D:\Keil_v5\ARM\ARMCC\Bin'
Build target 'Target 1'
compiling AD.c...
hardware\AD.c(117): warning:  #940-D: missing return statement at end of non-void function "Adc" 
  }
hardware\AD.c(15): warning:  #177-D: variable "adc_buffer"  was declared but never referenced
  static uint16_t adc_buffer[FILTER_WINDOW_SIZE];
hardware\AD.c: 2 warnings, 0 errors
compiling LED.c...
compiling Serial.c...
compiling OLED_i2c.c...
compiling KEY.c...
compiling RemoteCommand.c...
..\practice - 鍓湰/System\RemoteCommand.c(29): warning:  #223-D: function "strtol" declared implicitly
      return (int)strtol(value_start, NULL, 10);
..\practice - 副本/System\RemoteCommand.c: 1 warning, 0 errors
compiling PWM.c...
compiling DHT11.c...
hardware\DHT11.c(145): warning:  #1-D: last line of file ends without a newline
  }
hardware\DHT11.c: 1 warning, 0 errors
linking...
Program Size: Code=15730 RO-data=2342 RW-data=100 ZI-data=2164  
FromELF: creating hex file...
".\Objects\practice1.axf" - 0 Error(s), 4 Warning(s).

<h2>Software Packages used:</h2>

Package Vendor: Keil
                http://www.keil.com/pack/Keil.STM32F1xx_DFP.2.2.0.pack
                Keil.STM32F1xx_DFP.2.2.0
                STMicroelectronics STM32F1 Series Device Support, Drivers and Examples

<h2>Collection of Component include folders:</h2>
  .\RTE\_Target_1
  D:\Keil_v5\ARM\PACK\Keil\STM32F1xx_DFP\2.2.0\Device\Include

<h2>Collection of Component Files used:</h2>
Build Time Elapsed:  00:00:04
</pre>
</body>
</html>
